./tests/AMO_X0_2_THREAD/MP+poarp+po+NEW Ok
./tests/AMO_X0_2_THREAD/MP+popars+NEW No
./tests/AMO_X0_2_THREAD/MP+porlrl+po+NEW Ok
./tests/AMO_X0_2_THREAD/R+poarps+NEW No
./tests/AMO_X0_2_THREAD/S+poarar+po+NEW Ok
./tests/AMO_X0_2_THREAD/SB+po+porlp+NEW Ok
./tests/ATOMICS/BASIC_2_THREAD/R+poxxs Ok
./tests/ATOMICS/CO/2+2W+fence.rw.rwspx+posxp No
./tests/ATOMICS/CO/CoRW2+pospx No
./tests/ATOMICS/CO/CoWW+posxx No
./tests/ATOMICS/CO/LB+fence.rw.rwspx+pos No
./tests/ATOMICS/CO/LB+fence.rw.rwspxs No
./tests/ATOMICS/CO/LB+fence.rw.rwsxxs No
./tests/ATOMICS/CO/LB+pos+pospx No
./tests/ATOMICS/CO/LB+pospxs No
./tests/ATOMICS/CO/MP+pos+fence.rw.rwsxp No
./tests/ATOMICS/CO/MP+pos+pospx No
./tests/ATOMICS/CO/R+fence.rw.rws+pospx No
./tests/ATOMICS/CO/R+fence.rw.rwsxx+fence.rw.rws No
./tests/ATOMICS/CO/R+pos+posxp No
./tests/ATOMICS/CO/R+pos+posxx No
./tests/ATOMICS/CO/RWC+fence.rw.rwspx+pos No
./tests/ATOMICS/CO/RWC+fence.rw.rwspx+posxx+X No
./tests/ATOMICS/CO/RWC+fence.rw.rwss+X No
./tests/ATOMICS/CO/RWC+fence.rw.rwsxp+pos No
./tests/ATOMICS/CO/RWC+pos+fence.rw.rwsxp+X No
./tests/ATOMICS/CO/RWC+pos+fence.rw.rwsxx No
./tests/ATOMICS/CO/RWC+pospx+posxp No
./tests/ATOMICS/CO/RWC+posxp+pos No
./tests/ATOMICS/CO/S+fence.rw.rwspx+fence.rw.rwsxp No
./tests/ATOMICS/CO/S+pos+fence.rw.rwsxx No
./tests/ATOMICS/CO/S+pospx+fence.rw.rwsxp No
./tests/ATOMICS/CO/S+pospx+pos No
./tests/ATOMICS/CO/SB+fence.rw.rwspx+fence.rw.rwsxp No
./tests/ATOMICS/CO/SB+pospxs No
./tests/ATOMICS/CO/WRC+fence.rw.rwsxps No
./tests/ATOMICS/CO/WRC+posxp+fence.rw.rws+X No
./tests/ATOMICS/CO/WRC+posxp+pos No
./tests/ATOMICS/CO/WRR+2W+fence.rw.rws+fence.rw.rwspx+X No
./tests/ATOMICS/CO/WRR+2W+pos+fence.rw.rwspx No
./tests/ATOMICS/CO/WRR+2W+pospx+pos No
./tests/ATOMICS/CO/WRW+2W+fence.rw.rws+fence.rw.rwsxx No
./tests/ATOMICS/CO/WRW+2W+pos+fence.rw.rws+X No
./tests/ATOMICS/CO/WRW+WR+fence.rw.rwspx+fence.rw.rwsxp No
./tests/ATOMICS/CO/WRW+WR+fence.rw.rwss+X No
./tests/ATOMICS/CO/WRW+WR+pos+posxp No
./tests/ATOMICS/CO/WRW+WR+posxx+pos No
./tests/ATOMICS/CO/WWC+fence.rw.rwspxs No
./tests/ATOMICS/RELAX/PodRWXP/LB+addr+poxp Ok
./tests/ATOMICS/RELAX/PodRWXP/LB+poprl+poxp Ok
./tests/ATOMICS/SAFE_PosWRXAq/3.SB+fence.rw.rw+fence.rw.rw+posxaq No
./tests/ATOMICS/SAFE_PosWRXAq/RWC+addr+posxaq-ctrlfenceiaqp No
./tests/ATOMICS/SAFE_PosWRXAq/RWC+poaqp+posxaq-poaqp No
./tests/ATOMICS/SAFE_PosWRXAq/SB+fence.rw.rw+posxaq-addraqp No
./tests/ATOMICS/SAFE_PosWRXAq/W+RWC+fence.rw.rw+fence.r.rw+posxaq No
./tests/ATOMICS/SAFE_PosWRXAq/W+RWC+fence.w.w+fence.r.rw+posxaq No
./tests/ATOMICS/SAFE_PosWRXAq/WRW+WR+addr+posxaq-ctrlfenceiaqp No
./tests/ATOMICS/SAFE_PosWRXAq/Z6.4+fence.w.w+fence.rw.rw+posxaq No
./tests/BASIC_2_THREAD/LB Ok
./tests/BASIC_2_THREAD/MP+fence.rw.rw+addr No
./tests/BASIC_2_THREAD/MP+fence.rw.rw+ctrl Ok
./tests/BASIC_2_THREAD/MP+po+ctrl Ok
./tests/BASIC_2_THREAD/R+fence.rw.rw+po Ok
./tests/BASIC_2_THREAD/S+fence.rw.rw+ctrl No
./tests/CO/CoRR No
./tests/CO/CoRW1+fence.rw.rws No
./tests/CO/R+fence.rw.rwss No
./tests/CO/WRW+WR+fence.rw.rws+pos No
./tests/FENCE.TSO/2/LB+fence.tsopxs No
./tests/FENCE.TSO/2/MP+fence.tsopx+fence.tsoxx No
./tests/FENCE.TSO/2/R+fence.tsoxp+fence.tsoxx No
./tests/FENCE.TSO/2/R+fence.tsoxx+fence.tsopx No
./tests/FENCE.TSO/2/S+fence.tso+fence.tsoxp No
./tests/FENCE.TSO/2/S+fence.tsopxs No
./tests/FENCE.TSO/RMW/RR+RR+rmw-fence.tsopxs No
./tests/FENCE.TSO/RMW/RR+RR+rmw-fence.tsos No
./tests/HAND/2+2Swap Ok
./tests/HAND/ISA-S-DEP-DATA-SUCCESS No
./tests/HAND/ISA10+BIS Ok
./tests/HAND/ISA18 No
./tests/HAND/LB+addr+addrpx-poxp+VAR Ok
./tests/HAND/LB+amoadds Ok
./tests/HAND/Luc02 Ok
./tests/HAND/MP+Data-XX-Addr Ok
./tests/HAND/MP+fence.rw.rw+amoswap-rfi-addr No
./tests/HAND/RStar-W-WStar Ok
./tests/HAND/SB+fence.w.wprlxs No
./tests/HAND/SWAP-LR-SC+FULL Ok
./tests/RELAX/Coi-Rfi/LB+addr+addr-wsi-rfi-ctrl No
./tests/RELAX/Coi-Rfi/LB+ctrl+addr-wsi-rfi-data No
./tests/RELAX/Coi-Rfi/LB+fence.rw.rw+addr-wsi-rfi-ctrl No
./tests/RELAX/Coi-Rfi/SB+wsi-rfi-ctrls Ok
./tests/RELAX/Fence.idWR/R+fence.w.w+fence.i Ok
./tests/RELAX/Fence.idWW/R+fence.i+fence.rw.rw Ok
./tests/RELAX/Fence.idWW/S+fence.i+ctrlfencei Ok
./tests/RELAX/Fence.r.rwdWR/R+fence.rw.w+fence.r.rw Ok
./tests/RELAX/Fence.r.rwdWW/2+2W+fence.r.rw+poprl Ok
./tests/RELAX/Fence.r.rwdWW/S+fence.r.rw+ctrlfencei Ok
./tests/RELAX/Fence.w.wdRW/S+poprl+fence.w.w Ok
./tests/RELAX/Fence.w.wdWR/R+fence.rw.w+fence.w.w Ok
./tests/RELAX/Fence.w.wdWR/R+fence.w.ws Ok
./tests/RELAX/Fri-Rfi/MP+fence.rw.rw+ctrl-fri-rfi-ctrl Ok
./tests/RELAX/Fri-Rfi/S+fence.rw.rw+ctrl-fri-rfi-addr No
./tests/RELAX/Fri-Rfi/S+fence.rw.rw+ctrl-fri-rfi-data No
./tests/RELAX/PodRW/LB+ctrl+po Ok
./tests/RELAX/PodRW/S+fence.rw.rw+po Ok
./tests/RELAX/PodWR/R+fence.rw.w+poprl-porlp-ctrlfencei Ok
./tests/RELAX/PodWR/R+fence.w.w+poprl-porlp-addr Ok
./tests/RELAX/PodWR/R+fence.w.w+poprl-porlp-ctrlfenceis Ok
./tests/RELAX/PodWR/SB+po+poprl-porlp Ok
./tests/RELAX/PodWR/SB+po-addr+pos-po-addrs Ok
./tests/RELAX/PodWR/SB+po-addrs+popaq-posaqp Ok
./tests/RELAX/PodWR/SB+po-addrss Ok
./tests/RELAX/PodWR/SB+popaq-posaqps Ok
./tests/RELAX/PodWR/SB+poprl-porlp-addrs+poprl-porlp-addr Ok
./tests/RELAX/PodWR/SB+poprl-porlp-addrs+poprl-porlp-ctrlfencei Ok
./tests/RELAX/PodWR/SB+poprl-porlps Ok
./tests/RELAX/PodWR/SB+pos-po+popaq-posaqp Ok
./tests/RELAX/PodWR/SB+pos-po-addr+poprl-porlp-addr Ok
./tests/RELAX/PodWR/SB+pos-po-addrs+poprl-porlaq-posaqp Ok
./tests/RELAX/PodWR/SB+pos-popaq-posaqp+poprl-porlp-addr Ok
./tests/RELAX/PodWRPAq/R+fence.w.w+popaq-poaqp Ok
./tests/RELAX/PodWRPAq/R+fence.w.w+poprl-porlaq-posaqp Ok
./tests/RELAX/PodWRPAq/R+poprl+poprl-porlaq-posaqp Ok
./tests/RELAX/PodWRPAq/SB+fence.rw.rw+pos-popaq Ok
./tests/RELAX/PodWRPAq/SB+popaq+popaq-poaqp Ok
./tests/RELAX/PodWRPAq/SB+popaq+popaq-posaqp Ok
./tests/RELAX/PodWRPAq/SB+popaq+poprl-porlaq-addraqp Ok
./tests/RELAX/PodWRPAq/SB+popaq+poprl-porlaq-poaqp Ok
./tests/RELAX/PodWRPAq/SB+popaq-addraqp+poprl-porlaq-addraqp Ok
./tests/RELAX/PodWRPAq/SB+popaq-addraqp+poprl-porlaq-ctrlfenceisaqp Ok
./tests/RELAX/PodWRPAq/SB+popaq-addraqp+pos-popaq-addraqp Ok
./tests/RELAX/PodWRPAq/SB+popaq-addrsaqp+pos-popaq-ctrlfenceiaqp Ok
./tests/RELAX/PodWRPAq/SB+popaq-ctrlfenceiaqp+pos-popaq-addrsaqp Ok
./tests/RELAX/PodWRPAq/SB+popaq-ctrlfenceiaqp+pos-popaq-poaqp Ok
./tests/RELAX/PodWRPAq/SB+popaq-ctrlfenceisaqp+popaq-posaqp Ok
./tests/RELAX/PodWRPAq/SB+popaq-ctrlfenceisaqp+poprl-porlaq-ctrlfenceisaqp Ok
./tests/RELAX/PodWRPAq/SB+popaq-ctrlfenceisaqp+pos-popaq-addrsaqp Ok
./tests/RELAX/PodWRPAq/SB+popaq-posaqp+poprl-porlaq-addraqp Ok
./tests/RELAX/PodWRPAq/SB+poprl-porlaq+popaq-poaqp Ok
./tests/RELAX/PodWRPAq/SB+poprl-porlaq-ctrlfenceisaqp+poprl-porlaq-posaqp Ok
./tests/RELAX/PodWRPAq/SB+poprl-porlaqs Ok
./tests/RELAX/PodWRPAq/SB+pos-popaq-addraqp+poprl-porlaq-poaqp Ok
./tests/RELAX/PodWRPAq/SB+pos-popaq-addraqp+pos-popaq-ctrlfenceiaqp Ok
./tests/RELAX/PodWRPAq/SB+pos-popaq-addraqp+pos-popaq-poaqp Ok
./tests/RELAX/PodWRPAq/SB+pos-popaq-addrsaqp+pos-popaq-addraqp Ok
./tests/RELAX/PodWRPAq/SB+pos-popaq-ctrlfenceisaqp+poprl-porlaq-addraqp Ok
./tests/RELAX/PodWRPAq/SB+pos-popaq-posaqp+poprl-porlaq-poaqp Ok
./tests/RELAX/PodWRRlAq/R+fence.w.w+porlaq-ctrlfenceiaqp Ok
./tests/RELAX/PodWRRlAq/SB+fence.rw.rw+posprl-porlaq-addraqp Ok
./tests/RELAX/PodWRRlAq/SB+poprl-porlaq+posprl-porlaq-ctrlfenceisaqp Ok
./tests/RELAX/PodWRRlAq/SB+poprl-porlaq-addrsaqp+poprl-porlaq-addraqp Ok
./tests/RELAX/PodWRRlAq/SB+poprl-porlaq-posaqp+poprl-porlaq-poaqp Ok
./tests/RELAX/PodWRRlAq/SB+poprl-porlaq-posaqps Ok
./tests/RELAX/PodWRRlAq/SB+porlaq+poprl-porlaq-posaqp Ok
./tests/RELAX/PodWRRlAq/SB+porlaq+porlaq-addrsaqp Ok
./tests/RELAX/PodWRRlAq/SB+porlaq-addraqp+posprl-porlaq-addrsaqp Ok
./tests/RELAX/PodWRRlAq/SB+porlaq-addrsaqp+porlaq-posaqp Ok
./tests/RELAX/PodWRRlAq/SB+porlaq-addrsaqp+posprl-porlaq-poaqp Ok
./tests/RELAX/PodWRRlAq/SB+porlaq-addrsaqps Ok
./tests/RELAX/PodWRRlAq/SB+porlaq-ctrlfenceisaqp+poprl-porlaq-ctrlfenceiaqp Ok
./tests/RELAX/PodWRRlAq/SB+porlaq-ctrlfenceisaqp+porlaq-ctrlfenceiaqp Ok
./tests/RELAX/PodWRRlAq/SB+porlaq-poaqp+posprl-porlaq-ctrlfenceiaqp Ok
./tests/RELAX/PodWRRlAq/SB+posprl-porlaq+poprl-porlaq-ctrlfenceiaqp Ok
./tests/RELAX/PodWRRlAq/SB+posprl-porlaq-addrsaqp+poprl-porlaq-ctrlfenceisaqp Ok
./tests/RELAX/PodWRRlAq/SB+posprl-porlaq-addrsaqp+posprl-porlaq-posaqp Ok
./tests/RELAX/PodWRRlAq/SB+posprl-porlaq-ctrlfenceisaqp+poprl-porlaq-ctrlfenceiaqp Ok
./tests/RELAX/PodWRRlAq/SB+posprl-porlaq-ctrlfenceisaqps Ok
./tests/RELAX/PodWRRlP/R+fence.rw.rw+poprl-porlp-ctrlfenceis Ok
./tests/RELAX/PodWRRlP/R+poprl+porlp-ctrlfenceis Ok
./tests/RELAX/PodWRRlP/SB+poprl-porlp+poprl-porlaq-poaqp Ok
./tests/RELAX/PodWRRlP/SB+poprl-porlp+porlp-addrs Ok
./tests/RELAX/PodWRRlP/SB+poprl-porlp-addr+poprl-porlaq-posaqp Ok
./tests/RELAX/PodWRRlP/SB+porlaq-poaqps Ok
./tests/RELAX/PodWRRlP/SB+porlaq-posaqp+posprl-porlp-ctrlfencei Ok
./tests/RELAX/PodWRRlP/SB+porlp+poprl-porlp Ok
./tests/RELAX/PodWRRlP/SB+porlp-addrs Ok
./tests/RELAX/PodWRRlP/SB+porlp-addrs+poprl-porlp-addr Ok
./tests/RELAX/PodWRRlP/SB+porlp-addrs+poprl-porlp-ctrlfenceis Ok
./tests/RELAX/PodWRRlP/SB+porlp-addrs+porlp-ctrlfencei Ok
./tests/RELAX/PodWRRlP/SB+porlp-addrss Ok
./tests/RELAX/PodWRRlP/SB+porlp-ctrlfencei+posprl-porlaq-poaqp Ok
./tests/RELAX/PodWRRlP/SB+porlp-ctrlfenceis+poprl-porlp-addr Ok
./tests/RELAX/PodWRRlP/SB+porlp-ctrlfenceis+poprl-porlp-addrs Ok
./tests/RELAX/PodWRRlP/SB+posprl-porlaq-posaqp+poprl-porlaq-posaqp Ok
./tests/RELAX/PodWRRlP/SB+posprl-porlp+poprl-porlp-ctrlfencei Ok
./tests/RELAX/PodWRRlP/SB+posprl-porlp-addr+poprl-porlaq-poaqp Ok
./tests/RELAX/PodWRRlP/SB+posprl-porlp-addrss Ok
./tests/RELAX/PodWRRlP/SB+posprl-porlp-ctrlfencei+poprl-porlaq-posaqp Ok
./tests/RELAX/PodWRRlP/SB+posprl-porlp-ctrlfenceis+poprl-porlaq-posaqp Ok
./tests/RELAX/PodWRRlP/SB+posprl-porlp-ctrlfenceiss Ok
./tests/RELAX/PosWR/R+fence.rw.rw+poprl-posrlp No
./tests/RELAX/PosWR/R+fence.w.w+pos-addr Ok
./tests/RELAX/PosWR/R+fence.w.w+pos-ctrlfencei Ok
./tests/RELAX/PosWR/R+poprl+poprl-posrlp-ctrlfenceis No
./tests/RELAX/PosWR/SB+fence.rw.rw+poprl-posrlp No
./tests/RELAX/PosWR/SB+fence.rw.rw+pos-addr Ok
./tests/RELAX/PosWR/SB+pospaq-poaqp+poprl-posrlp-addrs Ok
./tests/RELAX/PosWRPAq/R+fence.rw.rw+poprl-posrlaq-poaqp Ok
./tests/RELAX/PosWRPAq/R+fence.rw.w+poprl-posrlaq-addraqp Ok
./tests/RELAX/PosWRPAq/R+poprl+poprl-posrlaq-posaqp No
./tests/RELAX/PosWRPAq/SB+pos-pospaq-ctrlfenceiaqp+poprl-posrlaq-addraqp Ok
./tests/RELAX/PosWRPAq/SB+pospaq-addraqp+poprl-posrlaq-ctrlfenceiaqp Ok
./tests/RELAX/PosWRPAq/SB+pospaq-addraqp+pos-pospaq-addraqp Ok
./tests/RELAX/PosWRPAq/SB+pospaq-addraqp+pos-pospaq-ctrlfenceiaqp Ok
./tests/RELAX/PosWRPAq/SB+pospaq-addraqp+pos-pospaq-poaqp Ok
./tests/RELAX/PosWRPAq/SB+pospaq-addraqp+pospaq-poaqp Ok
./tests/RELAX/PosWRRlAq/R+fence.rw.rw+poprl-posrlaq-poaqp Ok
./tests/RELAX/PosWRRlAq/R+fence.rw.w+poprl-posrlaq-posaqp No
./tests/RELAX/PosWRRlAq/R+fence.w.w+poprl-posrlaq No
./tests/RELAX/PosWRRlAq/SB+posrlaq-addraqp+poprl-posrlaq Ok
./tests/RELAX/PosWRRlAq/SB+posrlaq-ctrlfenceiaqp+poprl-posrlaq-ctrlfenceiaqp Ok
./tests/RELAX/PosWRRlAq/SB+posrlaq-poaqp+poprl-posrlaq-ctrlfenceiaqp Ok
./tests/RELAX/PosWRRlP/R+fence.rw.w+posrlp-ctrlfencei Ok
./tests/RELAX/PosWRRlP/R+fence.w.w+poprl-posrlaq-poaqp Ok
./tests/RELAX/PosWRRlP/R+fence.w.w+posrlp-addr Ok
./tests/RELAX/PosWRRlP/R+poprl+poprl-posrlp-addr Ok
./tests/RELAX/PosWRRlP/R+poprl+posrlp-ctrlfencei Ok
./tests/RELAX/PosWRRlP/SB+fence.rw.rw+posprl-posrlp-ctrlfencei Ok
./tests/RELAX/PosWRRlP/SB+fence.rw.rw+posrlp-ctrlfencei Ok
./tests/RELAX/PosWRRlP/SB+poprl-posrlp-ctrlfencei+poprl-posrlaq-poaqp Ok
./tests/RELAX/PosWRRlP/SB+posprl-posrlp-ctrlfencei+poprl-posrlaq-poaqp Ok
./tests/RELAX/PosWRRlP/SB+posrlaq-poaqp+poprl-posrlaq-posaqp Ok
./tests/RELAX/PosWRRlP/SB+posrlp-ctrlfencei+posprl-posrlp-addr Ok
./tests/RELAX/Rfi/2+2W+fence.rw.rw+poprl-rfirlp-data Ok
./tests/RELAX/Rfi/2+2W+rfi-addr+poprl-rfirlp-addr Ok
./tests/RELAX/Rfi/2+2W+rfi-addr+rfi-data Ok
./tests/RELAX/Rfi/2+2W+rfi-addrs Ok
./tests/RELAX/Rfi/LB+addr-rfi-ctrl+data-rfi-ctrlfencei No
./tests/RELAX/Rfi/LB+addr-rfi-data+ctrlfencei-rfi-ctrlfencei No
./tests/RELAX/Rfi/LB+ctrl+ctrl-rfi-ctrl No
./tests/RELAX/Rfi/LB+ctrl-rfi-addr+ctrlfencei-rfi-data No
./tests/RELAX/Rfi/LB+ctrl-rfi-addrs No
./tests/RELAX/Rfi/LB+ctrlfencei+ctrl-rfi-ctrlfencei No
./tests/RELAX/Rfi/LB+ctrlfencei-rfi-addr+ctrlfencei-rfi-ctrlfencei No
./tests/RELAX/Rfi/LB+ctrlfencei-rfi-data+ctrlfencei-rfi-ctrl No
./tests/RELAX/Rfi/LB+data+addr-rfi-addr No
./tests/RELAX/Rfi/LB+data-rfi-addr+ctrl-rfi-data No
./tests/RELAX/Rfi/LB+data-rfi-addr+data-rfi-ctrl No
./tests/RELAX/Rfi/LB+data-rfi-addr+data-rfi-ctrlfencei No
./tests/RELAX/Rfi/LB+poaqp+ctrlfencei-rfi-addr No
./tests/RELAX/Rfi/MP+fence.rw.rw+ctrlfencei-rfipaq-posaqp No
./tests/RELAX/Rfi/MP+fence.rw.w+addr-rfi-addr No
./tests/RELAX/Rfi/MP+fence.rw.w+data-rfi No
./tests/RELAX/Rfi/MP+fence.rw.w+data-rfipaq-posaqp No
./tests/RELAX/Rfi/MP+fence.w.w+addr-rfi-addrs No
./tests/RELAX/Rfi/MP+poprl+addr-rfipaq-posaqp No
./tests/RELAX/Rfi/MP+poprl-rfirlp-addr+ctrlfencei-rfi-addr Ok
./tests/RELAX/Rfi/MP+poprl-rfirlp-addr+data-rfi-ctrlfenceis Ok
./tests/RELAX/Rfi/MP+poprl-rfirlp-ctrl+ctrlfencei-rfi-ctrlfenceis Ok
./tests/RELAX/Rfi/MP+poprl-rfirlp-ctrl+data-rfipaq-poaqp Ok
./tests/RELAX/Rfi/MP+poprl-rfirlp-ctrl+fence.r.rw Ok
./tests/RELAX/Rfi/MP+poprl-rfirlp-data+addr-rfipaq-posaqp Ok
./tests/RELAX/Rfi/MP+poprl-rfirlp-data+ctrl-rfipaq-poaqp Ok
./tests/RELAX/Rfi/MP+pos-rfi-addr+ctrlfencei-rfipaq-poaqp Ok
./tests/RELAX/Rfi/MP+pos-rfi-addr+data-rfipaq-poaqp Ok
./tests/RELAX/Rfi/MP+pos-rfi-ctrl+ctrl-rfi-ctrlfencei Ok
./tests/RELAX/Rfi/MP+pos-rfi-ctrlfencei+addr Ok
./tests/RELAX/Rfi/MP+pos-rfi-ctrlfencei+ctrlfencei-rfi-ctrlfencei Ok
./tests/RELAX/Rfi/MP+pos-rfi-data+data-rfi-addr Ok
./tests/RELAX/Rfi/MP+pos-rfi-data+data-rfi-ctrlfencei Ok
./tests/RELAX/Rfi/MP+rfi-addr+addr-rfi-ctrlfenceis Ok
./tests/RELAX/Rfi/MP+rfi-addr+addr-rfipaq-poaqp Ok
./tests/RELAX/Rfi/MP+rfi-addr+data-rfipaq-poaqp Ok
./tests/RELAX/Rfi/MP+rfi-addr+data-rfipaq-posaqp Ok
./tests/RELAX/Rfi/MP+rfi-addr+poaqp Ok
./tests/RELAX/Rfi/MP+rfi-ctrl+addr Ok
./tests/RELAX/Rfi/MP+rfi-ctrlfencei+ctrlfencei-rfi-ctrlfenceis Ok
./tests/RELAX/Rfi/MP+rfi-ctrlfencei+fence.r.rw Ok
./tests/RELAX/Rfi/MP+rfi-data+data-rfi-addr Ok
./tests/RELAX/Rfi/MP+rfi-data+data-rfi-addrs Ok
./tests/RELAX/Rfi/R+fence.rw.w+rfi-addr-rfi Ok
./tests/RELAX/Rfi/R+fence.rw.w+rfi-ctrlfencei Ok
./tests/RELAX/Rfi/R+poprl+rfi-ctrlfencei-rfi Ok
./tests/RELAX/Rfi/R+poprl-rfirlp-ctrlfencei+poprl-rfirlp Ok
./tests/RELAX/Rfi/R+poprl-rfirlp-ctrlfencei+poprl-rfirlp-ctrlfenceis Ok
./tests/RELAX/Rfi/R+poprl-rfirlp-data+poprl-rfirlp Ok
./tests/RELAX/Rfi/R+poprl-rfirlp-data+rfi-addr Ok
./tests/RELAX/Rfi/R+pos-rfi-addr+fence.rw.rw Ok
./tests/RELAX/Rfi/R+pos-rfi-addr+poprl-rfirlp-addr Ok
./tests/RELAX/Rfi/R+pos-rfi-data+poprl-rfirlp-ctrlfencei Ok
./tests/RELAX/Rfi/R+rfi-addr+poprl-rfirlaq-poaqp Ok
./tests/RELAX/Rfi/R+rfi-addr+poprl-rfirlp-ctrlfencei Ok
./tests/RELAX/Rfi/R+rfi-ctrl+rfi-ctrl-rfi Ok
./tests/RELAX/Rfi/R+rfi-ctrlfencei+poprl-rfirlp-addrs Ok
./tests/RELAX/Rfi/R+rfi-data+rfi-ctrl-rfi Ok
./tests/RELAX/Rfi/S+fence.rw.w+ctrlfencei-rfi-addr No
./tests/RELAX/Rfi/S+fence.rw.w+ctrlfencei-rfi-ctrl No
./tests/RELAX/Rfi/S+poprl+addr-rfi-ctrl No
./tests/RELAX/Rfi/S+poprl+ctrl-rfi-data No
./tests/RELAX/Rfi/S+poprl-rfirlp-addr+poaqp Ok
./tests/RELAX/Rfi/S+poprl-rfirlp-ctrl+addr-rfi-data Ok
./tests/RELAX/Rfi/S+poprl-rfirlp-ctrl+ctrlfencei Ok
./tests/RELAX/Rfi/S+poprl-rfirlp-ctrl+ctrlfencei-rfi-data Ok
./tests/RELAX/Rfi/S+poprl-rfirlp-ctrlfencei+addr Ok
./tests/RELAX/Rfi/S+poprl-rfirlp-ctrlfencei+addr-rfi-addr Ok
./tests/RELAX/Rfi/S+poprl-rfirlp-ctrlfencei+ctrl-rfi-addr Ok
./tests/RELAX/Rfi/S+poprl-rfirlp-ctrlfencei+data-rfi-ctrl Ok
./tests/RELAX/Rfi/S+rfi-ctrl+ctrlfencei-rfi-ctrlfencei Ok
./tests/RELAX/Rfi/S+rfi-ctrl+data-rfi-data Ok
./tests/RELAX/Rfi/S+rfi-ctrlfencei+addr Ok
./tests/RELAX/Rfi/S+rfi-ctrlfencei+ctrl-rfi-ctrl Ok
./tests/RELAX/Rfi/S+rfi-ctrlfencei+data-rfi-ctrlfencei Ok
./tests/RELAX/Rfi/S+rfi-ctrlfencei+poprl Ok
./tests/RELAX/Rfi/S+rfi-data+addr-rfi-ctrlfencei Ok
./tests/RELAX/Rfi/S+rfi-data+data-rfi-addr Ok
./tests/RELAX/Rfi/S+rfi-data+data-rfi-ctrl Ok
./tests/RELAX/Rfi/SB+fence.rw.rw+rfi-addr Ok
./tests/RELAX/Rfi/SB+poprl-rfirlp-ctrlfencei+poprl-rfirlaq-posaqp Ok
./tests/RELAX/Rfi/SB+pos-rfi-addr+poprl-rfirlp-ctrlfencei Ok
./tests/RELAX/Rfi/SB+rfi-addr+rfi-ctrl-rfi Ok
./tests/RELAX/Rfi/SB+rfi-addr+rfi-data-rfi Ok
./tests/RELAX/Rfi/SB+rfi-addr-rfi+poprl-rfirlp-ctrlfenceis Ok
./tests/RELAX/Rfi/SB+rfi-ctrlfencei+poprl-rfirlaq-poaqp Ok
./tests/RELAX/Rfi/SB+rfi-ctrlfencei-rfis Ok
./tests/RELAX/Rfi/SB+rfi-data-rfi+poprl-rfirlp-addr Ok
./tests/RELAX/Rfi/SB+rfipaq-poaqp+rfi-ctrlfencei-rfi Ok
./tests/RelAcq_2_THREAD/2+2W+po+poprl Ok
./tests/RelAcq_2_THREAD/MP+porlp+poaqp Ok
./tests/RelAcq_2_THREAD/R+poprl+porlaq Ok
./tests/RelAcq_2_THREAD/S+porlp+poaqrl Ok
./tests/RelAcq_2_THREAD/S+porlp+poprl Ok
./tests/SAFE/2+2W+[rf-addr-fr]+fence.w.w No
./tests/SAFE/2+2W+fence.rw.w+fence.rw.rw No
./tests/SAFE/2+2W+poprls No
./tests/SAFE/3.2W+fence.rw.rw+fence.rw.rw+poprl No
./tests/SAFE/3.2W+fence.rw.rws No
./tests/SAFE/3.2W+fence.rw.w+fence.rw.rw+poprl No
./tests/SAFE/3.2W+fence.rw.w+fence.rw.w+poprl No
./tests/SAFE/3.2W+fence.w.w+fence.rw.rw+fence.rw.w No
./tests/SAFE/3.LB+addr+poprl+poprl No
./tests/SAFE/3.LB+ctrl+ctrl+poprl No
./tests/SAFE/3.LB+ctrl+ctrlfencei+ctrlfencei No
./tests/SAFE/3.LB+ctrl+pos+poaqp No
./tests/SAFE/3.LB+ctrls No
./tests/SAFE/3.LB+data+poaqp+poaqp No
./tests/SAFE/3.LB+fence.r.rw+addr+pos No
./tests/SAFE/3.LB+fence.r.rw+ctrl+ctrl No
./tests/SAFE/3.LB+fence.r.rw+ctrlfencei+poaqp No
./tests/SAFE/3.LB+fence.r.rw+fence.r.rw+fence.rw.rw No
./tests/SAFE/3.LB+fence.r.rw+fence.rw.rw+pos No
./tests/SAFE/3.LB+fence.r.rw+fence.rw.w+fence.rw.w No
./tests/SAFE/3.LB+fence.r.rw+poprl+poprl No
./tests/SAFE/3.LB+fence.r.rw+pos+data No
./tests/SAFE/3.LB+fence.rw.rw+addr+ctrlfencei No
./tests/SAFE/3.LB+fence.rw.rw+ctrl+ctrl No
./tests/SAFE/3.LB+fence.rw.w+ctrlfencei+addr No
./tests/SAFE/3.LB+fence.rw.w+fence.rw.rw+data No
./tests/SAFE/3.LB+fence.rw.w+fence.rw.rw+poaqp No
./tests/SAFE/3.LB+fence.rw.w+pos+addr No
./tests/SAFE/IRIW+fence.rw.rw+poaqp No
./tests/SAFE/IRRWIW+ctrlfencei+fence.rw.rw Ok
./tests/SAFE/IRRWIW+fence.r.rw+addr No
./tests/SAFE/IRRWIW+poaqp+poprl No
./tests/SAFE/IRWIW+fence.r.rw+ctrl No
./tests/SAFE/IRWIW+fence.r.rw+ctrlfencei No
./tests/SAFE/ISA2+fence.rw.rw+ctrl+addrs No
./tests/SAFE/ISA2+fence.rw.rw+ctrl+fence.rw.rw No
./tests/SAFE/ISA2+fence.rw.rw+ctrlfencei+addr No
./tests/SAFE/ISA2+fence.rw.rw+ctrlfencei+fence.rw.rws No
./tests/SAFE/ISA2+fence.rw.rw+fence.rw.rw+addr No
./tests/SAFE/ISA2+fence.rw.rw+poaqp+fence.r.rws No
./tests/SAFE/ISA2+fence.rw.w+ctrl+fence.r.rw No
./tests/SAFE/ISA2+fence.rw.w+fence.rw.w+ctrlfenceis No
./tests/SAFE/ISA2+fence.rw.w+fence.rw.w+fence.rw.rws No
./tests/SAFE/ISA2+fence.w.w+ctrl+addrs No
./tests/SAFE/ISA2+fence.w.w+fence.rw.w+poaqp No
./tests/SAFE/ISA2+fence.w.w+pos+fence.r.rw No
./tests/SAFE/ISA2+poprl+ctrlfencei+addr No
./tests/SAFE/ISA2+poprl+ctrlfencei+addrs No
./tests/SAFE/ISA2+poprl+fence.r.rw+poaqp No
./tests/SAFE/ISA2+pos+ctrlfencei+fence.r.rw No
./tests/SAFE/ISA2+pos+poaqp+poaqp No
./tests/SAFE/ISA2+pos+poprl+fence.rw.rw No
./tests/SAFE/LB+[fr-fence.rw.rw-ws]+poaqp No
./tests/SAFE/LB+[fr-fence.rw.w-ws]+poaqp No
./tests/SAFE/LB+[fr-rf]-ctrl+ctrlfencei No
./tests/SAFE/LB+[fr-rf]-ctrlfencei+addr No
./tests/SAFE/LB+[fr-rf]-fence.r.rw+data No
./tests/SAFE/LB+[fr-rf]-fence.rw.w+addr No
./tests/SAFE/LB+[fr-rf]paq-poaqp+addr No
./tests/SAFE/LB+addr-[rf-fr]+ctrlfencei No
./tests/SAFE/LB+ctrl+poaqp-[fr-ws] No
./tests/SAFE/LB+ctrlfencei+poaqp No
./tests/SAFE/LB+datas No
./tests/SAFE/LB+fence.rw.rw-[fr-ws]+ctrl No
./tests/SAFE/LB+fence.rw.w+ctrlfencei-[fr-ws] No
./tests/SAFE/LB+fence.rw.w-[rf-fr]+ctrlfencei No
./tests/SAFE/MP+[rf-ctrlfencei-ws]+addr No
./tests/SAFE/MP+[rf-fence.rw.rw-fr]+poaqp No
./tests/SAFE/MP+[rf-poprl-ws]rlp+ctrlfencei Ok
./tests/SAFE/MP+[rf-poprl-ws]rlp+poaqp No
./tests/SAFE/MP+[rfpaq-poaqp-ws]+fence.rw.rw No
./tests/SAFE/MP+[ws-fence.rw.rw-fr]+ctrlfencei Ok
./tests/SAFE/MP+[ws-fence.rw.rw-ws]+addr No
./tests/SAFE/MP+[ws-poprl-ws]rlp+fence.r.rw No
./tests/SAFE/MP+[ws-rf]-poprl+fence.r.rw No
./tests/SAFE/MP+fence.rw.rw+fence.r.rw-[fr-rf] No
./tests/SAFE/MP+fence.rw.rw-[fr-ws]+fence.r.rw No
./tests/SAFE/MP+fence.rw.w-[rf-fr]+fence.rw.rw No
./tests/SAFE/MP+fence.w.w+fence.rw.rw-[fr-rf] No
./tests/SAFE/MP+poprl+[fr-fence.rw.rw-rf] No
./tests/SAFE/MP+poprl+[fr-poprl-rf]rlp No
./tests/SAFE/R+fence.rw.rw+[rf-addr-rf] No
./tests/SAFE/R+fence.rw.rw+[rfpaq-poaqp-rf] No
./tests/SAFE/R+fence.w.w+[rf-addr-rf] No
./tests/SAFE/R+fence.w.w+[rf-data-rf] No
./tests/SAFE/R+poprl+[rf-data-rf] No
./tests/SAFE/S+[rf-addr-fr]+ctrl No
./tests/SAFE/S+[rf-fence.r.rw-ws]+ctrlfencei No
./tests/SAFE/S+[rf-fence.rw.rw-fr]+fence.r.rw No
./tests/SAFE/S+[rf-fence.rw.rw-ws]+ctrl No
./tests/SAFE/S+[rf-fence.rw.rw-ws]+data No
./tests/SAFE/S+[rf-fence.rw.w-ws]+fence.r.rw No
./tests/SAFE/S+[rf-poprl-ws]rlp+poaqp No
./tests/SAFE/S+fence.rw.rw+addr No
./tests/SAFE/S+fence.rw.rw+ctrl No
./tests/SAFE/S+fence.rw.rw+fence.rw.w No
./tests/SAFE/S+fence.rw.rw-[rf-fr]+poprl No
./tests/SAFE/S+fence.rw.w+[fr-fence.rw.rw-fr] No
./tests/SAFE/S+fence.w.w+[fr-rf]-fence.rw.w No
./tests/SAFE/S+fence.w.w-[rf-fr]+addr No
./tests/SAFE/S+fence.w.w-[rf-fr]+ctrl No
./tests/SAFE/S+poprl+[fr-rf]-fence.rw.w No
./tests/SAFE/S+poprl+ctrl No
./tests/SAFE/SB+[ws-rf]-fence.rw.rw+fence.rw.rw No
./tests/SAFE/W+RWC+fence.rw.rw+fence.r.rw+fence.rw.rws No
./tests/SAFE/W+RWC+fence.rw.rw+fence.rw.rw+fence.rw.rws No
./tests/SAFE/W+RWC+fence.rw.w+fence.rw.rw+fence.rw.rws No
./tests/SAFE/W+RWC+fence.w.w+addr+fence.rw.rws No
./tests/SAFE/W+RWC+poprl+poaqp+fence.rw.rw No
./tests/SAFE/WRC+addr+fence.r.rw No
./tests/SAFE/WRC+ctrl+fence.r.rw No
./tests/SAFE/WRC+ctrl+fence.rw.rw No
./tests/SAFE/WRC+data+ctrlfencei Ok
./tests/SAFE/WRC+fence.rw.rw+poaqp No
./tests/SAFE/WRC+poprl+ctrlfencei Ok
./tests/SAFE/WRC+poprl+fence.rw.rw No
./tests/SAFE/WRR+2W+fence.rw.rw+fence.w.w No
./tests/SAFE/WRW+2W+data+fence.rw.w No
./tests/SAFE/WRW+2W+fence.r.rw+poprl No
./tests/SAFE/WRW+2W+fence.rw.w+fence.w.w No
./tests/SAFE/WRW+WR+addr+fence.rw.rw No
./tests/SAFE/WRW+WR+fence.r.rw+fence.rw.rw No
./tests/SAFE/WWC+addr+ctrl No
./tests/SAFE/WWC+ctrl+poaqp No
./tests/SAFE/WWC+ctrlfenceis No
./tests/SAFE/WWC+fence.rw.rw+fence.rw.w No
./tests/SAFE/Z6.0+fence.rw.rw+addr+fence.rw.rw No
./tests/SAFE/Z6.0+fence.w.w+fence.rw.rw+fence.rw.rw No
./tests/SAFE/Z6.0+poprl+ctrlfencei+fence.rw.rw No
./tests/SAFE/Z6.1+fence.rw.rw+fence.rw.rw+addr No
./tests/SAFE/Z6.1+fence.rw.rw+poprl+ctrl No
./tests/SAFE/Z6.1+fence.rw.w+fence.rw.rw+ctrlfencei No
./tests/SAFE/Z6.1+fence.rw.w+fence.rw.rw+fence.rw.rw No
./tests/SAFE/Z6.1+fence.rw.w+fence.rw.w+fence.rw.rw No
./tests/SAFE/Z6.1+fence.rw.w+fence.w.w+data No
./tests/SAFE/Z6.1+fence.rw.w+poprl+ctrlfencei No
./tests/SAFE/Z6.1+fence.w.w+fence.rw.rw+fence.rw.rw No
./tests/SAFE/Z6.1+fence.w.w+fence.rw.rw+poprl No
./tests/SAFE/Z6.1+fence.w.w+fence.rw.w+poaqp No
./tests/SAFE/Z6.1+fence.w.w+fence.rw.w+poprl No
./tests/SAFE/Z6.1+poprl+fence.rw.rw+fence.rw.rw No
./tests/SAFE/Z6.1+poprl+fence.rw.rw+poprl No
./tests/SAFE/Z6.1+poprl+fence.rw.w+ctrlfencei No
./tests/SAFE/Z6.2+fence.rw.rw+addr+fence.rw.w No
./tests/SAFE/Z6.2+fence.rw.rw+fence.rw.w+fence.rw.rw No
./tests/SAFE/Z6.2+fence.rw.rw+poprl+ctrlfencei No
./tests/SAFE/Z6.2+fence.rw.rw+poprl+poaqp No
./tests/SAFE/Z6.2+fence.rw.rw+poprl+poprl No
./tests/SAFE/Z6.2+fence.rw.rw+pos+ctrlfencei No
./tests/SAFE/Z6.2+fence.rw.rw+pos+poaqp No
./tests/SAFE/Z6.2+fence.rw.w+data+addr No
./tests/SAFE/Z6.2+fence.rw.w+data+ctrlfencei No
./tests/SAFE/Z6.2+fence.rw.w+data+fence.r.rw No
./tests/SAFE/Z6.2+fence.rw.w+data+fence.rw.rw No
./tests/SAFE/Z6.2+fence.rw.w+poaqp+fence.rw.w No
./tests/SAFE/Z6.2+fence.rw.w+pos+fence.rw.w No
./tests/SAFE/Z6.2+fence.rw.ws No
./tests/SAFE/Z6.2+fence.w.w+ctrl+fence.rw.rw No
./tests/SAFE/Z6.2+fence.w.w+ctrlfencei+ctrl No
./tests/SAFE/Z6.2+fence.w.w+fence.r.rw+fence.rw.w No
./tests/SAFE/Z6.2+fence.w.w+fence.rw.rw+data No
./tests/SAFE/Z6.2+fence.w.w+pos+ctrlfencei No
./tests/SAFE/Z6.2+poprl+fence.r.rw+addr No
./tests/SAFE/Z6.2+poprl+fence.r.rw+fence.rw.w No
./tests/SAFE/Z6.2+poprl+fence.rw.w+addr No
./tests/SAFE/Z6.2+poprls No
./tests/SAFE/Z6.3+fence.rw.rw+fence.rw.rw+fence.r.rws No
./tests/SAFE/Z6.3+fence.rw.rw+fence.rw.w+addrs No
./tests/SAFE/Z6.3+fence.rw.rw+fence.rw.w+ctrlfenceis No
./tests/SAFE/Z6.3+fence.rw.rw+poprl+ctrlfencei Ok
./tests/SAFE/Z6.3+fence.rw.rw+poprl+fence.r.rws No
./tests/SAFE/Z6.3+fence.rw.w+poprl+ctrlfenceis No
./tests/SAFE/Z6.3+fence.rw.w+poprl+fence.r.rws No
./tests/SAFE/Z6.3+fence.w.w+fence.rw.w+ctrlfenceis No
./tests/SAFE/Z6.3+fence.w.w+fence.rw.w+fence.r.rw No
./tests/SAFE/Z6.3+fence.w.w+fence.w.w+fence.r.rw No
./tests/SAFE/Z6.4+fence.rw.rw+fence.rw.rw+fence.rw.rws No
./tests/SAFE/Z6.5+fence.w.w+poprl+fence.rw.rw No
